[backblue.gif]
[fade.gif]
[index.html]
[www.sesligul.com/always/uploads/logo/ed31710d10431edc07bcfb66d4c92bfd.png]
[www.sesligul.com/always/uploads/184x130/7db0c6514bb1f8d13c61bd977c98953c.jpg]
[www.sesligul.com/always/uploads/184x130/5da5d306810c1886610ea9a964afeb2e.jpg]
[www.sesligul.com/always/uploads/184x130/ad83c9bea979ef2d070dd545a2af1895.jpg]
[www.sesligul.com/always/uploads/184x130/f4482b887e43a8344a66f0308721bf68.png]
[code.jquery.com/ui/1.10.3/jquery-ui.js]
[www.sesligul.com/always/uploads/184x130/d6b95e1520102b28864818d069c78275.jpg]
[www.sesligul.com/always/uploads/184x130/db42a3d1e7516468512b57d09fa1d394.jpg]
[www.sesligul.com/always/uploads/184x130/5619c80a31559e0ee0e1106d0c85145a.jpg]
[www.sesligul.com/always/uploads/184x130/37481a3476847894dea9bf66c93a3b3b.jpg]
[www.sesligul.com/always/uploads/184x130/19969aa80a582feb1407436b96e467e6.gif]
[www.sesligul.com/always/uploads/184x130/3a2e2a79e502c9a3ddb8dc38c30a52c1.jpg]
[www.sesligul.com/always/uploads/184x130/d073e5b0057cb1c9692618e8218639b9.png]
[www.sesligul.com/always/uploads/184x130/c877718415b2d4c6025a285b96f73161.jpg]
[www.sesligul.com/always/uploads/184x130/8efb80602c1ae919724b20f25dbcc2a4.gif]
[www.sesligul.com/always/uploads/184x130/c4a77cd573601cfad60dc7436cc7f4e9.jpg]
[www.sesligul.com/always/uploads/184x130/291100aaa88aad6f407f028c1fd9150e.jpg]
[www.sesligul.com/always/uploads/184x130/92add10bce1a9b61795107ee80af15bc.jpg]
[www.sesligul.com/always/uploads/184x130/7b8ec03171c3fc9965580905664ed1a1.jpg]
[www.sesligul.com/always/uploads/184x130/7d18f52256c203b71c99a78d4bf04539.jpg]
[www.sesligul.com/always/uploads/184x130/dc6f3c38617c396a2d1fd415b2ccdfe3.gif]
[www.sesligul.com/always/uploads/184x130/1da0c6a4a0a91ec67952718e70a279c2.jpg]
[www.sesligul.com/always/temp/Erkek_1.jpg]
[www.sesligul.com/always/uploads/184x130/e324358f1de792354ba279f3470d464e.gif]
[www.sesligul.com/always/uploads/184x130/d07fcc2665d3c6d0b4d74dec020e86d1.jpg]
[www.sesligul.com/always/uploads/184x130/6989840f3f11a2f4f8c6bb6ed320e2cc.jpg]
[www.sesligul.com/always/uploads/184x130/3501078d63ab5dce7f43840f31fb18fd.jpg]
[www.sesligul.com/always/uploads/184x130/c1b7732691d37e8a2a09fc8cabce38cd.jpg]
[www.sesligul.com/always/uploads/184x130/165e8f5252e577c82a054884a52b0a93.jpg]
[www.sesligul.com/always/uploads/184x130/731d074044e3c52c67d1f06f8cb8eff0.jpg]
[www.sesligul.com/always/uploads/184x130/f50a3a75cfb071248b6fc062b52bfc6c.jpg]
[www.sesligul.com/always/temp/Erkek_4.jpg]
[www.sesligul.com/always/uploads/184x130/6e0211dab319005854889f194b8311bf.jpg]
[www.sesligul.com/always/uploads/184x130/40b5797770dc5d3ac78f28d6cc3f56f5.gif]
[www.sesligul.com/always/uploads/184x130/7a0cef1e0115193605758ff3ae3d73fa.gif]
[www.sesligul.com/always/uploads/184x130/a39764aba8a5e7baaa7c062c295b99f4.jpg]
[www.sesligul.com/always/uploads/184x130/874a216877f3c3bb882de17a35e93f51.jpg]
[www.sesligul.com/theme/kariyer/images/noimageall.png]
[sesligul.com/always/uploads/blog/6d8a064cf8a491e5c8b34a2475ece960.jpg]
[sesligul.com/always/uploads/blog/a5a58b18aad3a223718ac01beeaa2402.jpg]
[sesligul.com/always/uploads/blog/ec99e693963a5b1b9f97db80e007bf18.jpg]
[sesligul.com/always/uploads/blog/2fc0237fa5b300facffd45221ced9209.jpg]
[www.sesligul.com/index.html]
[www.sesligul.com/theme/kariyer/css/Reset.css]
[www.sesligul.com/theme/kariyer/images/home-bg/anasayfa1.jpg]
[www.sesligul.com/theme/kariyer/images/home-bg/anasayfa.jpg]
[www.sesligul.com/theme/kariyer/images/menu_ayrac.png]
[www.sesligul.com/theme/kariyer/images/Mini-Ok.png]
[www.sesligul.com/theme/kariyer/images/hover.png]
[www.sesligul.com/theme/kariyer/images/form_baslik_hover.png]
[www.sesligul.com/theme/kariyer/images/form_user_icon.png]
[www.sesligul.com/theme/kariyer/images/form_lock_icon.png]
[www.sesligul.com/theme/kariyer/images/form_lock_icon2.png]
[www.sesligul.com/theme/kariyer/images/button.png]
[www.sesligul.com/theme/kariyer/images/bay.png]
[www.sesligul.com/theme/kariyer/images/bayan.png]
[www.sesligul.com/theme/kariyer/images/avatar.png]
[www.sesligul.com/theme/kariyer/images/odalar_bg.png]
[www.sesligul.com/theme/kariyer/images/oda_maske.png]
[www.sesligul.com/theme/kariyer/images/oda_maske_hover.png]
[www.sesligul.com/theme/kariyer/images/nav_yatay_geri.png]
[www.sesligul.com/theme/kariyer/images/nav_yatay_ileri.png]
[www.sesligul.com/theme/kariyer/images/rose.png]
[www.sesligul.com/theme/kariyer/images/sayfa_header.png]
[www.sesligul.com/theme/kariyer/images/sayfa_bg.png]
[www.sesligul.com/theme/kariyer/images/sayfa_footer.png]
[www.sesligul.com/theme/kariyer/images/kalp.png]
[www.sesligul.com/theme/kariyer/images/kalps.png]
[www.sesligul.com/theme/kariyer/images/kalpss.png]
[www.sesligul.com/theme/kariyer/images/footer.png]
[www.sesligul.com/theme/kariyer/images/footer_menu_ayrac.png]
[www.sesligul.com/theme/kariyer/images/go_top.png]
[www.sesligul.com/theme/kariyer/css/Style.css]
[www.sesligul.com/theme/kariyer/css/Css3.css]
[www.sesligul.com/theme/kariyer/css/Animate.css]
[www.sesligul.com/theme/kariyer/js/js.html]
[www.sesligul.com/cool/uploads/logo/index.html]
[www.sesligul.com/images/favicon/manifest.html]
[www.sesligul.com/theme/kariyer/js/1.7.0-jquery.min.js]
[www.sesligul.com/theme/kariyer/js/NiceScroll.js]
[www.sesligul.com/theme/kariyer/js/jquery-1.7.min.js]
[www.sesligul.com/captchaa18c.jpg]
[www.sesligul.com/theme/kariyer/js/Function.js]
[www.sesligul.com/theme/kariyer/js/css_browser_selector_dev.js]
[www.sesligul.com/theme/kariyer/images/arrow-kalin.png]
[www.sesligul.com/theme/kariyer/images/hareket-mavi.png]
[www.sesligul.com/theme/kariyer/images/hareket-yesil.png]
[www.sesligul.com/theme/kariyer/images/hareket-pembe.png]
[www.sesligul.com/theme/kariyer/images/hareket-erkek.png]
[www.sesligul.com/theme/kariyer/images/hareket-kiz.png]
[www.sesligul.com/theme/kariyer/js/Slider/Css/Style.css]
[www.sesligul.com/theme/kariyer/js/Slider/JavaScript/Easing.js]
[www.sesligul.com/theme/kariyer/js/Slider/JavaScript/Cycle.js]
[www.sesligul.com/theme/kariyer/js/Slider/JavaScript/Function.js]
[www.sesligul.com/theme/kariyer/js/AjaxResim/highslide-full.js]
[www.sesligul.com/theme/kariyer/js/AjaxResim/graphics/fullexpand.gif]
[www.sesligul.com/theme/kariyer/js/AjaxResim/graphics/loader.white.gif]
[www.sesligul.com/theme/kariyer/js/AjaxResim/graphics/close.png]
[www.sesligul.com/theme/kariyer/js/AjaxResim/graphics/controlbar-white.gif]
[www.sesligul.com/theme/kariyer/js/AjaxResim/graphics/resize.gif]
[www.sesligul.com/theme/kariyer/js/AjaxResim/graphics/closeX.png]
[www.sesligul.com/theme/kariyer/js/AjaxResim/graphics/controlbar-black-border.gif]
[www.sesligul.com/theme/kariyer/js/AjaxResim/graphics/icon.gif]
[www.sesligul.com/theme/kariyer/js/AjaxResim/graphics/controlbar-white-small.gif]
[www.sesligul.com/theme/kariyer/js/AjaxResim/graphics/controlbar-text-buttons.png]
[www.sesligul.com/theme/kariyer/js/AjaxResim/graphics/scrollarrows.png]
[www.sesligul.com/theme/kariyer/js/AjaxResim/highslide.css]
[www.sesligul.com/cool/theme/login/images/login/Loading.gif]
[www.sesligul.com/cool/uploads/logo/ed31710d10431edc07bcfb66d4c92bfd.png]
[www.sesligul.com/cool/uploads/184x130/3501078d63ab5dce7f43840f31fb18fd.jpg]
[www.sesligul.com/cool/uploads/184x130/e9d004b85d90b48d6fd83c69d6311037.jpg]
[www.sesligul.com/cool/uploads/184x130/dc6f3c38617c396a2d1fd415b2ccdfe3.gif]
[www.sesligul.com/cool/uploads/184x130/a39764aba8a5e7baaa7c062c295b99f4.jpg]
[www.sesligul.com/cool/uploads/184x130/d07fcc2665d3c6d0b4d74dec020e86d1.jpg]
[www.sesligul.com/cool/uploads/184x130/3f9e8f427254555b08d19e06eec7f798.png]
[www.sesligul.com/cool/uploads/184x130/7db0c6514bb1f8d13c61bd977c98953c.jpg]
[www.sesligul.com/cool/uploads/184x130/57c0c0eb22bca69778d4e36477288124.jpg]
[www.sesligul.com/cool/uploads/184x130/40b5797770dc5d3ac78f28d6cc3f56f5.gif]
[www.sesligul.com/cool/uploads/184x130/92e8f38cfdab77809085704c7e60dab0.jpg]
[www.sesligul.com/cool/uploads/184x130/1d94627a871b0c1f3be2c593ebba472b.jpg]
[www.sesligul.com/cool/uploads/184x130/92add10bce1a9b61795107ee80af15bc.jpg]
[www.sesligul.com/cool/uploads/184x130/9052f834044b878f953b54a44b86b0e7.jpg]
[www.sesligul.com/cool/uploads/184x130/4e5863601212e06950ec3e8726f094c5.jpg]
[www.sesligul.com/cool/uploads/184x130/291100aaa88aad6f407f028c1fd9150e.jpg]
[www.sesligul.com/cool/uploads/184x130/7a0cef1e0115193605758ff3ae3d73fa.gif]
[www.sesligul.com/cool/uploads/184x130/874a216877f3c3bb882de17a35e93f51.jpg]
[www.sesligul.com/cool/uploads/184x130/6e0211dab319005854889f194b8311bf.jpg]
[www.sesligul.com/cool/uploads/184x130/7b330f2982115f99419c18762133e7d3.gif]
[www.sesligul.com/cool/uploads/184x130/f0a15a3277495fd0e39cb8b2f632873a.jpg]
[www.sesligul.com/cool/uploads/184x130/7a16a16fcba539bfc7c88a2eb95cb27f.jpg]
[www.sesligul.com/cool/uploads/184x130/0e3182e97146d57aa7cb8760a58bf3bb.jpg]
[www.sesligul.com/cool/uploads/184x130/4dccde8b28aa6475539b6b88e5b46d49.gif]
[www.sesligul.com/cool/uploads/184x130/d7e1c775cf03c78103743bcf6de8ca94.gif]
[www.sesligul.com/always/temp/Erkek_5.jpg]
[www.sesligul.com/always/uploads/120x120/291100aaa88aad6f407f028c1fd9150e.jpg]
[www.sesligul.com/always/uploads/120x120/e324358f1de792354ba279f3470d464e.gif]
[www.sesligul.com/always/uploads/120x120/ad83c9bea979ef2d070dd545a2af1895.jpg]
[www.sesligul.com/always/uploads/120x120/3501078d63ab5dce7f43840f31fb18fd.jpg]
[www.sesligul.com/always/uploads/120x120/165e8f5252e577c82a054884a52b0a93.jpg]
[www.sesligul.com/always/uploads/120x120/f50a3a75cfb071248b6fc062b52bfc6c.jpg]
[www.sesligul.com/always/temp/Erkek_2.jpg]
[www.sesligul.com/always/uploads/120x120/731d074044e3c52c67d1f06f8cb8eff0.jpg]
[www.sesligul.com/always/uploads/120x120/f4482b887e43a8344a66f0308721bf68.png]
[www.sesligul.com/always/uploads/120x120/7a0cef1e0115193605758ff3ae3d73fa.gif]
[www.sesligul.com/always/uploads/120x120/c4a77cd573601cfad60dc7436cc7f4e9.jpg]
[www.sesligul.com/always/uploads/120x120/a39764aba8a5e7baaa7c062c295b99f4.jpg]
[www.sesligul.com/always/uploads/120x120/d6b95e1520102b28864818d069c78275.jpg]
[www.sesligul.com/always/uploads/120x120/874a216877f3c3bb882de17a35e93f51.jpg]
[www.sesligul.com/cool/index.html]
[www.sesligul.com/theme/kariyer/js/AjaxResim/graphics/index.html]
[www.sesligul.com/theme/kariyer/js/jquery-blink.js]
[www.sesligul.com/theme/kariyer/fonts-awesome/fontawesome-webfont3295.eot]
[www.sesligul.com/theme/kariyer/fonts-awesome/fontawesome-webfontd41d.eot]
[www.sesligul.com/theme/kariyer/fonts-awesome/fontawesome-webfont3295.woff2]
[www.sesligul.com/theme/kariyer/fonts-awesome/fontawesome-webfont3295.woff]
[www.sesligul.com/theme/kariyer/fonts-awesome/fontawesome-webfont3295.ttf]
[www.sesligul.com/theme/kariyer/css/font-awesome.css]
[www.sesligul.com/theme/kariyer/js/owlcarousel/jquery.min.js]
[www.sesligul.com/theme/kariyer/js/owlcarousel/owl.carousel.js]
[www.sesligul.com/theme/kariyer/js/owlcarousel/assets/owl.video.play.png]
[www.sesligul.com/theme/kariyer/js/owlcarousel/assets/owl.carousel.min.css]
[www.sesligul.com/theme/kariyer/js/owlcarousel/assets/owl.theme.default.min.css]
[www.sesligul.com/images/login/Loading.html]
[www.sesligul.com/cool/js/wow.js]
[www.sesligul.com/always/uploads/184x130/9dc31bec9184ef6cd3061c59b9894e31.jpg]
[www.sesligul.com/always/uploads/184x130/57c0c0eb22bca69778d4e36477288124.jpg]
[www.sesligul.com/always/uploads/184x130/849bf6b138d380be6ec1674787205051.jpg]
[www.sesligul.com/always/uploads/184x130/3c063654fd06ed24da0a0e3036ca5052.gif]
[www.sesligul.com/always/uploads/184x130/6af3c7c027f018e20f6d83fcbf10882e.jpg]
[www.sesligul.com/always/uploads/184x130/d7e1c775cf03c78103743bcf6de8ca94.gif]
[www.sesligul.com/always/uploads/184x130/7ac77fe3e9e96729810edaf41d997c41.gif]
[www.sesligul.com/always/uploads/184x130/e9d004b85d90b48d6fd83c69d6311037.jpg]
[www.sesligul.com/always/uploads/184x130/4dccde8b28aa6475539b6b88e5b46d49.gif]
[www.sesligul.com/always/temp/Erkek_3.jpg]
[www.sesligul.com/blog.html]
[www.sesligul.com/always/uploads/1b8715c97793b9316aa36069c0428be8.html]
[www.sesligul.com/always/uploads/d6a20b5ed308b68199d3810ee7ffc5f2.html]
[www.sesligul.com/always/uploads/041508a6633dee47a0f3aec58da265d4.html]
[www.sesligul.com/always/uploads/184x130/0e3182e97146d57aa7cb8760a58bf3bb.jpg]
[www.sesligul.com/always/uploads/184x130/3a00b652da5dc9113b2982dab518b248.jpg]
[www.sesligul.com/always/uploads/184x130/3ed71650389f096102a2ae3226374d89.jpg]
[www.sesligul.com/always/uploads/184x130/9052f834044b878f953b54a44b86b0e7.jpg]
[www.sesligul.com/always/uploads/184x130/af9a06f35979cc4c7e7ef2f4120da755.gif]
[www.sesligul.com/always/uploads/184x130/6ae27c5d659126161dbf216f89519d93.jpg]
[www.sesligul.com/captcha.jpg]
[www.sesligul.com/sesli-dunya-sitesi-85.html]
[www.sesligul.com/always/uploads/184x130/a1420f92db39eb16413506ff622cc5db.gif]
[www.sesligul.com/always/uploads/184x130/f5e56c5320f987fc7cc76b83c661d88d.jpg]
[www.sesligul.com/always/uploads/184x130/962b067040ee8cc65828f32687d6d785.gif]
[www.sesligul.com/always/uploads/184x130/29e72159fd0b53d67ef77e0e7719e092.jpg]
[www.sesligul.com/always/uploads/184x130/3f9e8f427254555b08d19e06eec7f798.png]
[www.sesligul.com/always/uploads/184x130/785b97913b261c2c95df202bca728da0.gif]
[www.sesligul.com/always/uploads/184x130/0158504071f72fd9c0af63a0ae3d982f.jpg]
[www.sesligul.com/always/uploads/184x130/1d94627a871b0c1f3be2c593ebba472b.jpg]
[www.sesligul.com/always/uploads/184x130/651c6ff19fefac5dab32a47621d15adc.jpg]
[www.sesligul.com/always/uploads/184x130/1230f8a4e8f7c5cfe64b20e7cc7af9cf.jpg]
[www.sesligul.com/sesli-chat-siteleri-84.html]
[www.sesligul.com/always/uploads/184x130/ad58aef8871f2c55c509e06006dd831d.gif]
[www.sesligul.com/always/uploads/184x130/56ce362b514b76a918e4b18ab431e89e.jpg]
[www.sesligul.com/always/uploads/184x130/7b330f2982115f99419c18762133e7d3.gif]
[www.sesligul.com/always/uploads/184x130/b5d1a31bd9ea756286cc746b7385d7f5.jpg]
[www.sesligul.com/sesli-sohbet-83.html]
[www.sesligul.com/always/uploads/184x130/376ad521a9f6194723be0fe622eb0095.png]
[www.sesligul.com/always/uploads/184x130/93c7532037d3d0ef86043ee901914068.jpg]
[www.sesligul.com/always/uploads/184x130/164231f58581a1c1690ac63d71aea9d5.gif]
[www.sesligul.com/sesli-chat-82.html]
[www.sesligul.com/always/uploads/184x130/a230394ee908fd509fc86df280ba66d6.jpg]
[www.sesligul.com/always/uploads/184x130/4e5863601212e06950ec3e8726f094c5.jpg]
[www.sesligul.com/index-2.html]
[www.sesligul.com/sesli-sohbet/2.html]
[www.sesligul.com/always/uploads/184x130/0922b39a2bb67c156d7c60a168f8c3a6.jpg]
[www.sesligul.com/always/uploads/184x130/1123a5747366c1a0fb5d6f21dc8805a4.gif]
[www.sesligul.com/always/uploads/184x130/5139305f3ad790ae5cce01fbe4224c7a.jpg]
[www.sesligul.com/always/uploads/184x130/7a16a16fcba539bfc7c88a2eb95cb27f.jpg]
[www.sesligul.com/sesli/3.html]
[www.sesligul.com/sesli-chat/1.html]
[www.sesligul.com/theme/kariyer/images/listele-bg/listele_1.html]
[www.sesligul.com/theme/kariyer/images/listele-bg/listele_2.html]
[www.sesligul.com/theme/kariyer/images/listele-bg/listele_3.html]
[www.sesligul.com/theme/kariyer/images/listele-bg/listele_4.html]
[www.sesligul.com/theme/kariyer/images/listele-bg/listele_5.html]
[www.sesligul.com/theme/kariyer/images/listele-bg/listele_6.html]
[www.sesligul.com/theme/kariyer/images/listele-bg/listele_7.html]
[www.sesligul.com/theme/kariyer/images/listele-bg/listele_8.html]
[www.sesligul.com/theme/kariyer/images/listele-bg/listele_9.html]
[www.sesligul.com/theme/kariyer/images/listele-bg/listele_10.html]
[www.sesligul.com/theme/kariyer/images/listele-bg/listele_11.html]
[www.sesligul.com/theme/kariyer/images/Mini_Ok.html]
[www.sesligul.com/theme/kariyer/images/woman.html]
[www.sesligul.com/theme/kenteleven/css/Animate.html]
[www.sesligul.com/theme/islemsc313.html]
[www.sesligul.com/firefox/index.html]
[www.sesligul.com/gecko/index.html]
[www.sesligul.com/applewebkit/index.html]
[www.sesligul.com/mozilla/index.html]
[www.sesligul.com/theme/kariyer/images/chat/uyeler_nav.html]
[www.sesligul.com/theme/kariyer/images/chat/star.html]
[www.sesligul.com/theme/kariyer/images/chat/yetkililier_nav.html]
[www.sesligul.com/GET.html]
[www.sesligul.com/cool/theme/login/css/Reset.css]
[www.sesligul.com/cool/theme/login/images/login/login_bg.jpg]
[www.sesligul.com/cool/theme/login/images/login/bayrak.png]
[www.sesligul.com/cool/theme/login/images/login/mini_menu_ellipse.png]
[www.sesligul.com/cool/theme/login/images/login/form_baslik_hover.png]
[www.sesligul.com/cool/theme/login/images/login/form_user_icon.png]
[www.sesligul.com/cool/theme/login/images/login/form_lock_icon.png]
[www.sesligul.com/cool/theme/login/images/login/form_lock_icon2.png]
[www.sesligul.com/cool/theme/login/images/login/button.png]
[www.sesligul.com/cool/theme/login/images/login/bay.png]
[www.sesligul.com/cool/theme/login/images/login/bayan.png]
[www.sesligul.com/cool/theme/login/images/login/avatar.png]
[www.sesligul.com/cool/theme/login/css/Style-Login.css]
[www.sesligul.com/cool/theme/login/css/Css3.css]
[www.sesligul.com/cool/theme/login/css/Animate.css]
[www.sesligul.com/cool/theme/login/images/favicon.html]
[www.sesligul.com/cool/theme/login/js/1.7.0-jquery.min.js]
[www.sesligul.com/cool/theme/login/js/NiceScroll.js]
[www.sesligul.com/cool/login65f3.html]
[www.sesligul.com/cool/chat65f3.html]
[www.sesligul.com/cool/theme/login/js/jquery-1.7.min.js]
[www.sesligul.com/theme/perfect/img/noimageall.png]
[www.sesligul.com/cool/theme/login/js/Function.js]
[www.sesligul.com/cool/js/Function.js]
[www.sesligul.com/cool/theme/login/js/css_browser_selector_dev.js]
[www.sesligul.com/cool/theme/login/js/Slider/Css/Style.css]
[www.sesligul.com/cool/theme/login/js/Slider/JavaScript/Easing.js]
[www.sesligul.com/cool/theme/login/js/Slider/JavaScript/Cycle.js]
[www.sesligul.com/cool/theme/login/js/Slider/JavaScript/Function.js]
[www.sesligul.com/cool/theme/login/js/AjaxResim/highslide-full.js]
[www.sesligul.com/cool/theme/login/js/AjaxResim/graphics/fullexpand.gif]
[www.sesligul.com/cool/theme/login/js/AjaxResim/graphics/loader.white.gif]
[www.sesligul.com/cool/theme/login/js/AjaxResim/graphics/close.png]
[www.sesligul.com/cool/theme/login/js/AjaxResim/graphics/controlbar-white.gif]
[www.sesligul.com/cool/theme/login/js/AjaxResim/graphics/resize.gif]
[www.sesligul.com/cool/theme/login/js/AjaxResim/graphics/closeX.png]
[www.sesligul.com/cool/theme/login/js/AjaxResim/graphics/controlbar-black-border.gif]
[www.sesligul.com/cool/theme/login/js/AjaxResim/graphics/icon.gif]
[www.sesligul.com/cool/theme/login/js/AjaxResim/graphics/controlbar-white-small.gif]
[www.sesligul.com/cool/theme/login/js/AjaxResim/graphics/controlbar-text-buttons.png]
[www.sesligul.com/cool/theme/login/js/AjaxResim/graphics/scrollarrows.png]
[www.sesligul.com/cool/theme/login/js/AjaxResim/highslide.css]
[www.sesligul.com/cool/theme/login/js/AjaxResim/graphics/index.html]
[www.sesligul.com/cool/theme/login/js/wow.js]
[www.sesligul.com/cool/uploads/184x130/a1420f92db39eb16413506ff622cc5db.gif]
[www.sesligul.com/cool/uploads/184x130/c877718415b2d4c6025a285b96f73161.jpg]
[www.sesligul.com/cool/uploads/184x130/5619c80a31559e0ee0e1106d0c85145a.jpg]
[www.sesligul.com/cool/uploads/184x130/93c7532037d3d0ef86043ee901914068.jpg]
[www.sesligul.com/cool/uploads/184x130/3a2e2a79e502c9a3ddb8dc38c30a52c1.jpg]
[www.sesligul.com/cool/uploads/184x130/37481a3476847894dea9bf66c93a3b3b.jpg]
[www.sesligul.com/cool/uploads/184x130/b5d1a31bd9ea756286cc746b7385d7f5.jpg]
[www.sesligul.com/cool/uploads/184x130/e324358f1de792354ba279f3470d464e.gif]
[www.sesligul.com/cool/uploads/184x130/ad83c9bea979ef2d070dd545a2af1895.jpg]
[www.sesligul.com/cool/uploads/184x130/ad58aef8871f2c55c509e06006dd831d.gif]
[www.sesligul.com/cool/uploads/184x130/db42a3d1e7516468512b57d09fa1d394.jpg]
[www.sesligul.com/cool/uploads/184x130/731d074044e3c52c67d1f06f8cb8eff0.jpg]
[www.sesligul.com/cool/uploads/184x130/268f86a3943756d85be4b7038430cf3e.gif]
[www.sesligul.com/cool/uploads/184x130/3a00b652da5dc9113b2982dab518b248.jpg]
[www.sesligul.com/cool/uploads/184x130/165e8f5252e577c82a054884a52b0a93.jpg]
[www.sesligul.com/cool/index-2.html]
[www.sesligul.com/cool/images2/noimageall.html]
[www.sesligul.com/theme/kariyer/fonts-awesome/fontawesome-webfont3295.svg]
[www.sesligul.com/always/uploads/184x130/92e8f38cfdab77809085704c7e60dab0.jpg]
[www.sesligul.com/sesli-dnya-sitesi-85.html]
[www.sesligul.com/sesli-sohbet/cool/uploads/logo/index.html]
[www.sesligul.com/sesli-sohbet/images/favicon/manifest.html]
[www.sesligul.com/sesli-sohbet/images/login/Loading.html]
[www.sesligul.com/sesli/cool/uploads/logo/index.html]
[www.sesligul.com/sesli/images/favicon/manifest.html]
[www.sesligul.com/sesli/images/login/Loading.html]
[www.sesligul.com/sesli-chat/cool/uploads/logo/index.html]
[www.sesligul.com/sesli-chat/images/favicon/manifest.html]
[www.sesligul.com/sesli-chat/images/login/Loading.html]
[www.sesligul.com/cool/theme/login/images/login/kizlar.html]
[www.sesligul.com/cool/theme/login/images/menu_ayrac.html]
[www.sesligul.com/cool/theme/login/images/Mini_Ok.html]
[www.sesligul.com/cool/theme/login/images/Mini-Ok.html]
[www.sesligul.com/cool/Css/Animate.css]
[www.sesligul.com/cool/css/Animate-2.css]
[www.sesligul.com/cool/ajax8eb5.html]
[www.sesligul.com/cool/uploads/184x130/7b8ec03171c3fc9965580905664ed1a1.jpg]
[www.sesligul.com/cool/uploads/184x130/962b067040ee8cc65828f32687d6d785.gif]
[www.sesligul.com/cool/uploads/184x130/c4a77cd573601cfad60dc7436cc7f4e9.jpg]
[www.sesligul.com/cool/uploads/184x130/7d18f52256c203b71c99a78d4bf04539.jpg]
[www.sesligul.com/cool/uploads/184x130/1da0c6a4a0a91ec67952718e70a279c2.jpg]
[www.sesligul.com/cool/uploads/184x130/5da5d306810c1886610ea9a964afeb2e.jpg]
[www.sesligul.com/cool/uploads/184x130/f5e56c5320f987fc7cc76b83c661d88d.jpg]
[www.sesligul.com/cool/uploads/184x130/0922b39a2bb67c156d7c60a168f8c3a6.jpg]
[www.sesligul.com/cool/uploads/184x130/f50a3a75cfb071248b6fc062b52bfc6c.jpg]
[www.sesligul.com/cool/uploads/184x130/d073e5b0057cb1c9692618e8218639b9.png]
[www.sesligul.com/cool/uploads/184x130/29e72159fd0b53d67ef77e0e7719e092.jpg]
[www.sesligul.com/cool/uploads/184x130/af9a06f35979cc4c7e7ef2f4120da755.gif]
[www.sesligul.com/cool/uploads/184x130/8efb80602c1ae919724b20f25dbcc2a4.gif]
[www.sesligul.com/cool/indexa377.html]
[www.sesligul.com/cool/ajaxc59d.html]
[www.sesligul.com/cool/firefox/index.html]
[www.sesligul.com/cool/gecko/index.html]
[www.sesligul.com/cool/applewebkit/index.html]
[www.sesligul.com/cool/mozilla/index.html]
[www.sesligul.com/cool/theme/login/Images/adam_kol.html]
[www.sesligul.com/cool/theme/login/Images/nav_yatay_geri.html]
[www.sesligul.com/cool/theme/login/Images/nav_yatay_ileri.html]
[www.sesligul.com/cool/theme/login/Images/hareket_cinsiyet.html]
[www.sesligul.com/cool/theme/login/Images/chat/uyeler_nav.html]
[www.sesligul.com/cool/theme/login/Images/chat/star.html]
[www.sesligul.com/cool/theme/login/Images/chat/yetkililier_nav.html]
[www.sesligul.com/cool/images/login/Loading.gif]
[www.sesligul.com/cool/GET.html]
[www.sesligul.com/cool/cool/uploads/logo/index.html]
[www.sesligul.com/cool/images/favicon/manifest.html]
